// Jest Snapshot v1, https://goo.gl/fbAQLP

exports[`<Header /> Should have have 2 children. 1`] = `
<div
  class="Header"
  data-testid="Header"
>
  <div
    class="UserInfoContainer"
  >
    <div
      class="UserImgContainer"
    >
      <img
        alt="User Face"
        src="userPic.svg"
      />
      <p>
        SOME NAME
      </p>
    </div>
    <p
      data-testid="number-of-accounts"
    >
      Number of accounts: 
      
    </p>
  </div>
  <div
    class="SearchForm"
    data-testid="Search-form"
  >
    <h1>
      INVESTMENT ACCOUNTS OVERVIEW
    </h1>
    <form
      class="SearchFormContainer"
    >
      <div
        class="inputsContainer"
      >
        <input
          class="InputField"
          data-testid="InputField"
          placeholder="Name"
          type="text"
          value=""
        />
        <input
          class="InputField"
          data-testid="InputField"
          placeholder="ID"
          type="text"
          value=""
        />
      </div>
      <div
        class="btnsContainer"
      >
        <button
          class="PrimaryButton"
          disabled=""
          type="submit"
          value="submit"
        >
          Search
        </button>
        <button
          class="SecondaryButton"
          disabled=""
        >
          Show all
        </button>
      </div>
    </form>
  </div>
</div>
`;
